// Jest Snapshot v1, https://goo.gl/fbAQLP

exports[`should render expense list with empty expenses 1`] = `
<div>
  <p>
    No Expenses
  </p>
</div>
`;

exports[`should render expense list with expenses 1`] = `
<div>
  <ExpensesListItem
    amount={195}
    createAt={0}
    description="Gum"
    id={1}
    key="1"
    note=""
  />
  <ExpensesListItem
    amount={109500}
    createAt={-345600000}
    description="Rent"
    id={2}
    key="2"
    note=""
  />
  <ExpensesListItem
    amount={4500}
    createAt={345600000}
    description="Credit Card"
    id={3}
    key="3"
    note=""
  />
</div>
`;
